[2026-02-14 11:45:50] [31merror[39m: MongoDB connection failed: Server selection timed out after 5000 ms
[2026-02-14 11:46:40] [31merror[39m: MongoDB connection failed: Could not connect to any servers in your MongoDB Atlas cluster. One common reason is that you're trying to access the database from an IP that isn't whitelisted. Make sure your current IP address is on your Atlas cluster's IP whitelist: https://www.mongodb.com/docs/atlas/security-whitelist/
[2026-02-14 11:46:53] [31merror[39m: MongoDB connection failed: Could not connect to any servers in your MongoDB Atlas cluster. One common reason is that you're trying to access the database from an IP that isn't whitelisted. Make sure your current IP address is on your Atlas cluster's IP whitelist: https://www.mongodb.com/docs/atlas/security-whitelist/
[2026-02-14 11:47:26] [31merror[39m: MongoDB connection failed: Could not connect to any servers in your MongoDB Atlas cluster. One common reason is that you're trying to access the database from an IP that isn't whitelisted. Make sure your current IP address is on your Atlas cluster's IP whitelist: https://www.mongodb.com/docs/atlas/security-whitelist/
[2026-02-14 11:47:54] [31merror[39m: MongoDB connection failed: Could not connect to any servers in your MongoDB Atlas cluster. One common reason is that you're trying to access the database from an IP that isn't whitelisted. Make sure your current IP address is on your Atlas cluster's IP whitelist: https://www.mongodb.com/docs/atlas/security-whitelist/
[2026-02-14 11:48:39] [31merror[39m: MongoDB connection failed: Could not connect to any servers in your MongoDB Atlas cluster. One common reason is that you're trying to access the database from an IP that isn't whitelisted. Make sure your current IP address is on your Atlas cluster's IP whitelist: https://www.mongodb.com/docs/atlas/security-whitelist/
[2026-02-14 11:51:52] [31merror[39m: MongoDB connection failed: getaddrinfo EAI_AGAIN ac-ihpgx8m-shard-00-01.vmwo2fj.mongodb.net
[2026-02-14 11:59:14] [31merror[39m: MongoDB connection failed: querySrv ESERVFAIL _mongodb._tcp.cluster0.vmwo2fj.mongodb.net
[2026-02-14 13:34:37] [31merror[39m: MongoDB connection failed: Could not connect to any servers in your MongoDB Atlas cluster. One common reason is that you're trying to access the database from an IP that isn't whitelisted. Make sure your current IP address is on your Atlas cluster's IP whitelist: https://www.mongodb.com/docs/atlas/security-whitelist/
[2026-02-14 13:36:01] [31merror[39m: MongoDB connection failed: Could not connect to any servers in your MongoDB Atlas cluster. One common reason is that you're trying to access the database from an IP that isn't whitelisted. Make sure your current IP address is on your Atlas cluster's IP whitelist: https://www.mongodb.com/docs/atlas/security-whitelist/
[2026-02-14 13:39:05] [31merror[39m: MongoDB connection failed: Could not connect to any servers in your MongoDB Atlas cluster. One common reason is that you're trying to access the database from an IP that isn't whitelisted. Make sure your current IP address is on your Atlas cluster's IP whitelist: https://www.mongodb.com/docs/atlas/security-whitelist/
[2026-02-14 13:40:21] [31merror[39m: MongoDB connection failed: Could not connect to any servers in your MongoDB Atlas cluster. One common reason is that you're trying to access the database from an IP that isn't whitelisted. Make sure your current IP address is on your Atlas cluster's IP whitelist: https://www.mongodb.com/docs/atlas/security-whitelist/
[2026-02-14 13:44:33] [31merror[39m: MongoDB connection failed: Server selection timed out after 5000 ms
[2026-02-14 13:44:54] [31merror[39m: MongoDB connection failed: Could not connect to any servers in your MongoDB Atlas cluster. One common reason is that you're trying to access the database from an IP that isn't whitelisted. Make sure your current IP address is on your Atlas cluster's IP whitelist: https://www.mongodb.com/docs/atlas/security-whitelist/
[2026-02-14 13:48:27] [31merror[39m: Email transporter verification failed: Invalid login: 535-5.7.8 Username and Password not accepted. For more information, go to
535 5.7.8  https://support.google.com/mail/?p=BadCredentials ffacd0b85a97d-43796ac8d46sm13293861f8f.32 - gsmtp
Error: Invalid login: 535-5.7.8 Username and Password not accepted. For more information, go to
535 5.7.8  https://support.google.com/mail/?p=BadCredentials ffacd0b85a97d-43796ac8d46sm13293861f8f.32 - gsmtp
    at SMTPConnection._formatError (/home/mwichabe/linkup3/Linkup_v3/backend/node_modules/nodemailer/lib/smtp-connection/index.js:809:19)
    at SMTPConnection._actionAUTHComplete (/home/mwichabe/linkup3/Linkup_v3/backend/node_modules/nodemailer/lib/smtp-connection/index.js:1588:34)
    at SMTPConnection.<anonymous> (/home/mwichabe/linkup3/Linkup_v3/backend/node_modules/nodemailer/lib/smtp-connection/index.js:556:26)
    at SMTPConnection._processResponse (/home/mwichabe/linkup3/Linkup_v3/backend/node_modules/nodemailer/lib/smtp-connection/index.js:993:20)
    at SMTPConnection._onData (/home/mwichabe/linkup3/Linkup_v3/backend/node_modules/nodemailer/lib/smtp-connection/index.js:774:14)
    at SMTPConnection._onSocketData (/home/mwichabe/linkup3/Linkup_v3/backend/node_modules/nodemailer/lib/smtp-connection/index.js:195:44)
    at TLSSocket.emit (node:events:507:28)
    at addChunk (node:internal/streams/readable:559:12)
    at readableAddChunkPushByteMode (node:internal/streams/readable:510:3)
    at Readable.push (node:internal/streams/readable:390:5)
[2026-02-14 13:48:30] [31merror[39m: MongoDB connection failed: Server selection timed out after 5000 ms
[2026-02-14 13:48:38] [31merror[39m: Email transporter verification failed: Invalid login: 535-5.7.8 Username and Password not accepted. For more information, go to
535 5.7.8  https://support.google.com/mail/?p=BadCredentials ffacd0b85a97d-43796abd793sm12071287f8f.25 - gsmtp
Error: Invalid login: 535-5.7.8 Username and Password not accepted. For more information, go to
535 5.7.8  https://support.google.com/mail/?p=BadCredentials ffacd0b85a97d-43796abd793sm12071287f8f.25 - gsmtp
    at SMTPConnection._formatError (/home/mwichabe/linkup3/Linkup_v3/backend/node_modules/nodemailer/lib/smtp-connection/index.js:809:19)
    at SMTPConnection._actionAUTHComplete (/home/mwichabe/linkup3/Linkup_v3/backend/node_modules/nodemailer/lib/smtp-connection/index.js:1588:34)
    at SMTPConnection.<anonymous> (/home/mwichabe/linkup3/Linkup_v3/backend/node_modules/nodemailer/lib/smtp-connection/index.js:556:26)
    at SMTPConnection._processResponse (/home/mwichabe/linkup3/Linkup_v3/backend/node_modules/nodemailer/lib/smtp-connection/index.js:993:20)
    at SMTPConnection._onData (/home/mwichabe/linkup3/Linkup_v3/backend/node_modules/nodemailer/lib/smtp-connection/index.js:774:14)
    at SMTPConnection._onSocketData (/home/mwichabe/linkup3/Linkup_v3/backend/node_modules/nodemailer/lib/smtp-connection/index.js:195:44)
    at TLSSocket.emit (node:events:507:28)
    at addChunk (node:internal/streams/readable:559:12)
    at readableAddChunkPushByteMode (node:internal/streams/readable:510:3)
    at Readable.push (node:internal/streams/readable:390:5)
[2026-02-14 13:48:42] [31merror[39m: MongoDB connection failed: Server selection timed out after 5000 ms
[2026-02-14 13:49:04] [31merror[39m: MongoDB connection failed: Could not connect to any servers in your MongoDB Atlas cluster. One common reason is that you're trying to access the database from an IP that isn't whitelisted. Make sure your current IP address is on your Atlas cluster's IP whitelist: https://www.mongodb.com/docs/atlas/security-whitelist/
[2026-02-14 13:49:04] [31merror[39m: MongoDB connection failed: Server selection timed out after 5000 ms
[2026-02-14 13:49:17] [31merror[39m: MongoDB connection failed: Server selection timed out after 5000 ms
[2026-02-14 13:49:19] [31merror[39m: MongoDB connection failed: Server selection timed out after 5000 ms
[2026-02-14 13:50:06] [31merror[39m: MongoDB connection failed: Server selection timed out after 5000 ms
[2026-02-14 13:50:06] [31merror[39m: MongoDB connection failed: Could not connect to any servers in your MongoDB Atlas cluster. One common reason is that you're trying to access the database from an IP that isn't whitelisted. Make sure your current IP address is on your Atlas cluster's IP whitelist: https://www.mongodb.com/docs/atlas/security-whitelist/
[2026-02-14 13:50:36] [31merror[39m: MongoDB connection failed: Server selection timed out after 5000 ms
[2026-02-14 13:50:37] [31merror[39m: MongoDB connection failed: Could not connect to any servers in your MongoDB Atlas cluster. One common reason is that you're trying to access the database from an IP that isn't whitelisted. Make sure your current IP address is on your Atlas cluster's IP whitelist: https://www.mongodb.com/docs/atlas/security-whitelist/
[2026-02-14 13:50:41] [31merror[39m: MongoDB connection failed: Could not connect to any servers in your MongoDB Atlas cluster. One common reason is that you're trying to access the database from an IP that isn't whitelisted. Make sure your current IP address is on your Atlas cluster's IP whitelist: https://www.mongodb.com/docs/atlas/security-whitelist/
[2026-02-14 13:51:27] [31merror[39m: MongoDB connection failed: Server selection timed out after 5000 ms
[2026-02-14 13:51:52] [31merror[39m: MongoDB connection failed: Server selection timed out after 5000 ms
[2026-02-14 13:51:52] [31merror[39m: MongoDB connection failed: Server selection timed out after 5000 ms
[2026-02-14 13:51:52] [31merror[39m: MongoDB connection failed: Server selection timed out after 5000 ms
[2026-02-14 13:51:52] [31merror[39m: MongoDB connection failed: Server selection timed out after 5000 ms
[2026-02-14 13:53:47] [31merror[39m: MongoDB connection failed: Server selection timed out after 5000 ms
[2026-02-14 13:53:48] [31merror[39m: MongoDB connection failed: Server selection timed out after 5000 ms
[2026-02-14 13:53:48] [31merror[39m: MongoDB connection failed: Server selection timed out after 5000 ms
[2026-02-14 13:53:48] [31merror[39m: MongoDB connection failed: Server selection timed out after 5000 ms
[2026-02-14 13:54:14] [31merror[39m: MongoDB connection failed: Server selection timed out after 5000 ms
[2026-02-14 13:54:14] [31merror[39m: MongoDB connection failed: Server selection timed out after 5000 ms
[2026-02-14 13:54:14] [31merror[39m: MongoDB connection failed: Server selection timed out after 5000 ms
[2026-02-14 13:54:14] [31merror[39m: MongoDB connection failed: Server selection timed out after 5000 ms
[2026-02-14 13:55:56] [31merror[39m: MongoDB connection failed: Could not connect to any servers in your MongoDB Atlas cluster. One common reason is that you're trying to access the database from an IP that isn't whitelisted. Make sure your current IP address is on your Atlas cluster's IP whitelist: https://www.mongodb.com/docs/atlas/security-whitelist/
[2026-02-14 13:56:17] [31merror[39m: MongoDB connection failed: Could not connect to any servers in your MongoDB Atlas cluster. One common reason is that you're trying to access the database from an IP that isn't whitelisted. Make sure your current IP address is on your Atlas cluster's IP whitelist: https://www.mongodb.com/docs/atlas/security-whitelist/
[2026-02-14 13:56:18] [31merror[39m: MongoDB connection failed: Could not connect to any servers in your MongoDB Atlas cluster. One common reason is that you're trying to access the database from an IP that isn't whitelisted. Make sure your current IP address is on your Atlas cluster's IP whitelist: https://www.mongodb.com/docs/atlas/security-whitelist/
[2026-02-14 13:56:18] [31merror[39m: MongoDB connection failed: Could not connect to any servers in your MongoDB Atlas cluster. One common reason is that you're trying to access the database from an IP that isn't whitelisted. Make sure your current IP address is on your Atlas cluster's IP whitelist: https://www.mongodb.com/docs/atlas/security-whitelist/
[2026-02-14 13:56:30] [31merror[39m: MongoDB connection failed: Could not connect to any servers in your MongoDB Atlas cluster. One common reason is that you're trying to access the database from an IP that isn't whitelisted. Make sure your current IP address is on your Atlas cluster's IP whitelist: https://www.mongodb.com/docs/atlas/security-whitelist/
[2026-02-14 13:58:34] [31merror[39m: MongoDB connection failed: Server selection timed out after 5000 ms
[2026-02-14 13:58:34] [31merror[39m: MongoDB connection failed: Could not connect to any servers in your MongoDB Atlas cluster. One common reason is that you're trying to access the database from an IP that isn't whitelisted. Make sure your current IP address is on your Atlas cluster's IP whitelist: https://www.mongodb.com/docs/atlas/security-whitelist/
[2026-02-14 13:58:35] [31merror[39m: MongoDB connection failed: Server selection timed out after 5000 ms
[2026-02-14 13:58:35] [31merror[39m: MongoDB connection failed: Could not connect to any servers in your MongoDB Atlas cluster. One common reason is that you're trying to access the database from an IP that isn't whitelisted. Make sure your current IP address is on your Atlas cluster's IP whitelist: https://www.mongodb.com/docs/atlas/security-whitelist/
[2026-02-14 13:58:47] [31merror[39m: MongoDB connection failed: Server selection timed out after 5000 ms
[2026-02-14 13:58:48] [31merror[39m: MongoDB connection failed: Server selection timed out after 5000 ms
[2026-02-14 13:58:48] [31merror[39m: MongoDB connection failed: Server selection timed out after 5000 ms
[2026-02-14 13:58:48] [31merror[39m: MongoDB connection failed: Server selection timed out after 5000 ms
[2026-02-14 13:59:44] [31merror[39m: MongoDB connection failed: Could not connect to any servers in your MongoDB Atlas cluster. One common reason is that you're trying to access the database from an IP that isn't whitelisted. Make sure your current IP address is on your Atlas cluster's IP whitelist: https://www.mongodb.com/docs/atlas/security-whitelist/
[2026-02-14 13:59:44] [31merror[39m: MongoDB connection failed: Server selection timed out after 5000 ms
[2026-02-14 13:59:44] [31merror[39m: MongoDB connection failed: Server selection timed out after 5000 ms
[2026-02-14 13:59:45] [31merror[39m: MongoDB connection failed: Server selection timed out after 5000 ms
[2026-02-14 14:00:08] [31merror[39m: MongoDB connection failed: Server selection timed out after 5000 ms
[2026-02-14 14:00:08] [31merror[39m: MongoDB connection failed: Server selection timed out after 5000 ms
[2026-02-14 14:11:03] [31merror[39m: MongoDB connection failed: Could not connect to any servers in your MongoDB Atlas cluster. One common reason is that you're trying to access the database from an IP that isn't whitelisted. Make sure your current IP address is on your Atlas cluster's IP whitelist: https://www.mongodb.com/docs/atlas/security-whitelist/
[2026-02-14 14:11:03] [31merror[39m: MongoDB connection failed: Could not connect to any servers in your MongoDB Atlas cluster. One common reason is that you're trying to access the database from an IP that isn't whitelisted. Make sure your current IP address is on your Atlas cluster's IP whitelist: https://www.mongodb.com/docs/atlas/security-whitelist/
[2026-02-14 14:11:22] [31merror[39m: MongoDB connection failed: Could not connect to any servers in your MongoDB Atlas cluster. One common reason is that you're trying to access the database from an IP that isn't whitelisted. Make sure your current IP address is on your Atlas cluster's IP whitelist: https://www.mongodb.com/docs/atlas/security-whitelist/
